###############################################################################
#                                                                             #
# IAR C/C++ Compiler V8.20.2.41139 for 8051             28/Oct/2019  04:35:50 #
# Copyright 2004-2013 IAR Systems AB.                                         #
#                                                                             #
#    Core               =  plain                                              #
#    Code model         =  near                                               #
#    Data model         =  large                                              #
#    Calling convention =  xdata reentrant                                    #
#    Constant location  =  data                                               #
#    Dptr setup         =  1,16                                               #
#                                                                             #
#    Source file        =  C:\Users\yves.roy\Sync\2019-08                     #
#                          247-637\LOGICIEL\S-0008\247-637 S-0006             #
#                          college\SOURCE\piloteTimer2AutoReload.c            #
#    Command line       =  "C:\Users\yves.roy\Sync\2019-08                    #
#                          247-637\LOGICIEL\S-0008\247-637 S-0006             #
#                          college\SOURCE\piloteTimer2AutoReload.c" -D        #
#                          OPTION_COMPILE_AVEC_IAR -lCN                       #
#                          "C:\Users\yves.roy\Sync\2019-08                    #
#                          247-637\LOGICIEL\S-0008\247-637 S-0006             #
#                          college\PROJET\..\SORTIE\LIST\" -lb                #
#                          "C:\Users\yves.roy\Sync\2019-08                    #
#                          247-637\LOGICIEL\S-0008\247-637 S-0006             #
#                          college\PROJET\..\SORTIE\LIST\" -o                 #
#                          "C:\Users\yves.roy\Sync\2019-08                    #
#                          247-637\LOGICIEL\S-0008\247-637 S-0006             #
#                          college\PROJET\..\SORTIE\OBJ\" -e --no_cse         #
#                          --no_unroll --no_inline --no_code_motion           #
#                          --no_tbaa --debug --core=plain --dptr=16,1         #
#                          --data_model=large --code_model=near               #
#                          --calling_convention=xdata_reentrant               #
#                          --place_constants=data --nr_virtual_regs 8         #
#                          --dlib_config "C:\Program Files (x86)\IAR          #
#                          Systems\Embedded Workbench                         #
#                          6.4\8051\LIB\DLIB\dl8051Normal.h" -On --eec++      #
#    List file          =  C:\Users\yves.roy\Sync\2019-08                     #
#                          247-637\LOGICIEL\S-0008\247-637 S-0006             #
#                          college\PROJET\..\SORTIE\LIST\piloteTimer2AutoRelo #
#                          ad.lst                                             #
#    Object file        =  C:\Users\yves.roy\Sync\2019-08                     #
#                          247-637\LOGICIEL\S-0008\247-637 S-0006             #
#                          college\PROJET\..\SORTIE\OBJ\piloteTimer2AutoReloa #
#                          d.r51                                              #
#                                                                             #
#                                                                             #
###############################################################################

C:\Users\yves.roy\Sync\2019-08 247-637\LOGICIEL\S-0008\247-637 S-0006 college\SOURCE\piloteTimer2AutoReload.c
      1          //piloteTimer2AutoReload:
      2          //Historique: 
      3          // 2018-09-08, Yves Roy, creation
      4          
      5          //INCLUSIONS
      6          #include "main.h"

   \                                 In  segment SFR_AN, at 0xc9
   \   union <unnamed> volatile __sfr _A_T2MOD
   \                     _A_T2MOD:
   \   000000                DS 1

   \                                 In  segment SFR_AN, at 0xa8
   \   union <unnamed> volatile __sfr _A_IE
   \                     _A_IE:
   \   000000                DS 1

   \                                 In  segment SFR_AN, at 0x8e
   \   union <unnamed> volatile __sfr _A_CKCON
   \                     _A_CKCON:
   \   000000                DS 1

   \                                 In  segment SFR_AN, at 0x96
   \   union <unnamed> volatile __sfr _A_CKMOD
   \                     _A_CKMOD:
   \   000000                DS 1

   \                                 In  segment SFR_AN, at 0xca
   \   unsigned char volatile __sfr RCAP2L
   \                     RCAP2L:
   \   000000                DS 1

   \                                 In  segment SFR_AN, at 0xcb
   \   unsigned char volatile __sfr RCAP2H
   \                     RCAP2H:
   \   000000                DS 1

   \                                 In  segment SFR_AN, at 0xc8
   \   union <unnamed> volatile __sfr _A_T2CON
   \                     _A_T2CON:
   \   000000                DS 1
      7          #include "piloteTimer2AutoReload.h"
      8          
      9          //Definitions privees
     10          #define PILOTETIMER2AUTORELOAD_COMPTE_DE_DEPART  (\
     11            (unsigned int)(65536.0-(MAIN_FREQUENCE_D_OSCILLATEUR_EN_KHZ \
     12            /FREQUENCE_DE_LA_BASE_DE_TEMPS_EN_HZ * 1000.0)))
     13          
     14          //Declarations de fonctions privees:
     15          __interrupt void PiloteTimer2Autoreload_interruption(void);
     16          
     17          //Definitions de variables privees:
     18          //pas de variables privees
     19          
     20          //Definitions de fonctions privees:
     21          //pas de fonctions privees
     22          
     23          //Definitions de variables publiques:

   \                                 In  segment XDATA_Z, align 1, keep-with-next
     24          void (*piloteTimer2AutoReload_execute)(void);
   \                     piloteTimer2AutoReload_execute:
   \   000000                DS 2
   \   000002                REQUIRE __INIT_XDATA_Z
     25          
     26          //Definitions de fonctions publiques:
     27          #pragma vector = 0x2B //yr 5

   \                                 In  segment NEAR_CODE, align 1, keep-with-next
     28          __interrupt void PiloteTimer2Autoreload_interruption(void) //définition
   \                     ??PiloteTimer2Autoreload_interruption:
     29          {
   \   000000   C0E0         PUSH    A
   \   000002   74F2         MOV     A,#-0xe
   \   000004   12....       LCALL   ?INTERRUPT_ENTER_XSP
   \   000007                ; Saved register size: 14
   \   000007                ; Auto size: 0
     30            piloteTimer2AutoReload_execute();
   \   000007                ; Setup parameters for indirect call
   \   000007   90....       MOV     DPTR,#piloteTimer2AutoReload_execute
   \   00000A   E0           MOVX    A,@DPTR
   \   00000B   F8           MOV     R0,A
   \   00000C   A3           INC     DPTR
   \   00000D   E0           MOVX    A,@DPTR
   \   00000E   F583         MOV     DPH,A
   \   000010   8882         MOV     DPL,R0
   \   000012   12....       LCALL   ?CALL_IND
     31            T2CON_bit.TF2 = 0;
   \   000015   C2CF         CLR     0xc8.7
     32          }
   \   000017   7F01         MOV     R7,#0x1
   \   000019   02....       LJMP    ?INTERRUPT_LEAVE_XSP
   \   00001C                REQUIRE _A_T2CON
     33          

   \                                 In  segment NEAR_CODE, align 1, keep-with-next
     34          void piloteTimer2AutoReload_initialise(void)
   \                     ??piloteTimer2AutoReload_initialise:
     35          {
   \   000000   C082         PUSH    DPL
   \   000002   C083         PUSH    DPH
   \   000004                ; Saved register size: 2
   \   000004                ; Auto size: 0
     36            IE_bit.ET2 = 0; //empêche les interruptions par timer2  
   \   000004   C2AD         CLR     0xa8.5
     37            T2CON_bit.TR2 = 0; // arrête le timer2
   \   000006   C2CA         CLR     0xc8.2
     38            T2CON_bit.TF2 = 0;
   \   000008   C2CF         CLR     0xc8.7
     39            T2CON_bit.EXF2 = 0;
   \   00000A   C2CE         CLR     0xc8.6
     40            T2CON_bit.RCLK = 0;
   \   00000C   C2CD         CLR     0xc8.5
     41            T2CON_bit.TCLK = 0;
   \   00000E   C2CC         CLR     0xc8.4
     42            T2CON_bit.EXEN2 = 0;
   \   000010   C2CB         CLR     0xc8.3
     43            T2CON_bit.TR2 = 0;
   \   000012   C2CA         CLR     0xc8.2
     44            T2CON_bit.C_T2 = 0;
   \   000014   C2C9         CLR     0xc8.1
     45            T2CON_bit.CP_RL2 = 0;
   \   000016   C2C8         CLR     0xc8.0
     46            T2MOD_bit.DCEN = 0;
   \   000018   53C9FE       ANL     0xc9,#0xfe
     47            T2MOD_bit.T2OE = 0;
   \   00001B   53C9FD       ANL     0xc9,#0xfd
     48            CKCON_bit.T2M = 1;
   \   00001E   438E20       ORL     0x8e,#0x20
     49            CKMOD_bit.T2MH = 1; 
   \   000021   439620       ORL     0x96,#0x20
     50            RCAP2L = (unsigned char)(PILOTETIMER2AUTORELOAD_COMPTE_DE_DEPART & 0xFF);
   \   000024   75CA66       MOV     0xca,#0x66
     51            RCAP2H = (unsigned char)(PILOTETIMER2AUTORELOAD_COMPTE_DE_DEPART >> 8);
   \   000027   75CBEA       MOV     0xcb,#-0x16
     52          
     53            piloteTimer2AutoReload_execute = neFaitRien;  
   \   00002A   90....       MOV     DPTR,#piloteTimer2AutoReload_execute
   \   00002D   74..         MOV     A,#??neFaitRien & 0xff
   \   00002F   F0           MOVX    @DPTR,A
   \   000030   A3           INC     DPTR
   \   000031   74..         MOV     A,#(??neFaitRien >> 8) & 0xff
   \   000033   F0           MOVX    @DPTR,A
     54            
     55            IE_bit.ET2 = 1; //permet les interruptions par timer2
   \   000034   D2AD         SETB    0xa8.5
     56            T2CON_bit.TR2 = 1; //lance le compteur Timer2
   \   000036   D2CA         SETB    0xc8.2
     57          
     58          }
   \   000038   D083         POP     DPH
   \   00003A   D082         POP     DPL
   \   00003C   22           RET
   \   00003D                REQUIRE _A_IE
   \   00003D                REQUIRE _A_T2CON
   \   00003D                REQUIRE _A_T2MOD
   \   00003D                REQUIRE _A_CKCON
   \   00003D                REQUIRE _A_CKMOD
   \   00003D                REQUIRE RCAP2L
   \   00003D                REQUIRE RCAP2H

   \                                 In  segment INTVEC, offset 0x2b, root
   \                     `??PiloteTimer2Autoreload_interruption??INTVEC 4`:
   \   00002B   02....       LJMP       (??PiloteTimer2Autoreload_interruption)
     59          
     60          
     61          

   Maximum stack usage in bytes:

   ISTACK PSTACK XSTACK Function
   ------ ------ ------ --------
       0      0     14  PiloteTimer2Autoreload_interruption()
       2      0      0  piloteTimer2AutoReload_initialise()


   Segment part sizes:

   Bytes  Function/Label
   -----  --------------
       3  ??PiloteTimer2Autoreload_interruption??INTVEC 4
      28  PiloteTimer2Autoreload_interruption()
       1  RCAP2H
       1  RCAP2L
       1  _A_CKCON
       1  _A_CKMOD
       1  _A_IE
       1  _A_T2CON
       1  _A_T2MOD
       2  piloteTimer2AutoReload_execute
      61  piloteTimer2AutoReload_initialise()

 
  3 bytes in segment INTVEC
 89 bytes in segment NEAR_CODE
  7 bytes in segment SFR_AN
  2 bytes in segment XDATA_Z
 
 89 bytes of CODE  memory (+ 3 bytes shared)
  0 bytes of DATA  memory (+ 7 bytes shared)
  2 bytes of XDATA memory

Errors: none
Warnings: none
