###############################################################################
#                                                                             #
# IAR C/C++ Compiler V8.20.2.41139 for 8051             28/Oct/2019  04:35:49 #
# Copyright 2004-2013 IAR Systems AB.                                         #
#                                                                             #
#    Core               =  plain                                              #
#    Code model         =  near                                               #
#    Data model         =  large                                              #
#    Calling convention =  xdata reentrant                                    #
#    Constant location  =  data                                               #
#    Dptr setup         =  1,16                                               #
#                                                                             #
#    Source file        =  C:\Users\yves.roy\Sync\2019-08                     #
#                          247-637\LOGICIEL\S-0008\247-637 S-0006             #
#                          college\SOURCE\main.c                              #
#    Command line       =  "C:\Users\yves.roy\Sync\2019-08                    #
#                          247-637\LOGICIEL\S-0008\247-637 S-0006             #
#                          college\SOURCE\main.c" -D OPTION_COMPILE_AVEC_IAR  #
#                          -lCN "C:\Users\yves.roy\Sync\2019-08               #
#                          247-637\LOGICIEL\S-0008\247-637 S-0006             #
#                          college\PROJET\..\SORTIE\LIST\" -lb                #
#                          "C:\Users\yves.roy\Sync\2019-08                    #
#                          247-637\LOGICIEL\S-0008\247-637 S-0006             #
#                          college\PROJET\..\SORTIE\LIST\" -o                 #
#                          "C:\Users\yves.roy\Sync\2019-08                    #
#                          247-637\LOGICIEL\S-0008\247-637 S-0006             #
#                          college\PROJET\..\SORTIE\OBJ\" -e --no_cse         #
#                          --no_unroll --no_inline --no_code_motion           #
#                          --no_tbaa --debug --core=plain --dptr=16,1         #
#                          --data_model=large --code_model=near               #
#                          --calling_convention=xdata_reentrant               #
#                          --place_constants=data --nr_virtual_regs 8         #
#                          --dlib_config "C:\Program Files (x86)\IAR          #
#                          Systems\Embedded Workbench                         #
#                          6.4\8051\LIB\DLIB\dl8051Normal.h" -On --eec++      #
#    List file          =  C:\Users\yves.roy\Sync\2019-08                     #
#                          247-637\LOGICIEL\S-0008\247-637 S-0006             #
#                          college\PROJET\..\SORTIE\LIST\main.lst             #
#    Object file        =  C:\Users\yves.roy\Sync\2019-08                     #
#                          247-637\LOGICIEL\S-0008\247-637 S-0006             #
#                          college\PROJET\..\SORTIE\OBJ\main.r51              #
#                                                                             #
#                                                                             #
###############################################################################

C:\Users\yves.roy\Sync\2019-08 247-637\LOGICIEL\S-0008\247-637 S-0006 college\SOURCE\main.c
      1          //247-637 S0006:
      2          //Historique: 
      3          // 2019-10-27, Yves Roy, creation
      4          
      5          //INCLUSIONS
      6          #include "main.h"

   \                                 In  segment SFR_AN, at 0xa8
   \   union <unnamed> volatile __sfr _A_IE
   \                     _A_IE:
   \   000000                DS 1
      7          #include "piloteIOT1.h"
      8          #include "piloteIOB1.h"
      9          #include "piloteTimer2AutoReload.h"
     10          #include "piloteTimer1Mode2.h"
     11          #include "piloteUART0.h"
     12          #include "piloteUART1.h"
     13          #include "serviceBaseDeTemps.h"
     14          #include "serviceProtocole637.h"
     15          #include "interfaceB1.h"
     16          #include "interfaceS0009.h"
     17          #include "interfaceT1.h"
     18          #include "processusBoutonConnecte.h"
     19          #include "processusClignotant.h"
     20          
     21          //Definitions privees
     22          //pas de définitions privees
     23          
     24          //Declarations de fonctions privees:

   \                                 In  segment NEAR_CODE, align 1, keep-with-next
     25          void main_initialise(void)
   \                     ??main_initialise:
     26          {
   \   000000                ; Saved register size: 0
   \   000000                ; Auto size: 0
     27            piloteIOT1_initialise();
   \   000000                ; Setup parameters for call to function piloteIOT1_initialise()
   \   000000   12....       LCALL   ??piloteIOT1_initialise
     28            piloteIOB1_initialise();
   \   000003                ; Setup parameters for call to function piloteIOB1_initialise()
   \   000003   12....       LCALL   ??piloteIOB1_initialise
     29            piloteTimer2AutoReload_initialise();
   \   000006                ; Setup parameters for call to function piloteTimer2AutoReload_initialise()
   \   000006   12....       LCALL   ??piloteTimer2AutoReload_initialise
     30            piloteTimer1Mode2_initialise();
   \   000009                ; Setup parameters for call to function piloteTimer1Mode2_initialise()
   \   000009   12....       LCALL   ??piloteTimer1Mode2_initialise
     31            piloteUART0_initialise();
   \   00000C                ; Setup parameters for call to function piloteUART0_initialise()
   \   00000C   12....       LCALL   ??piloteUART0_initialise
     32            piloteUART1_initialise();
   \   00000F                ; Setup parameters for call to function piloteUART1_initialise()
   \   00000F   12....       LCALL   ??piloteUART1_initialise
     33            serviceBaseDeTemps_initialise();
   \   000012                ; Setup parameters for call to function serviceBaseDeTemps_initialise()
   \   000012   12....       LCALL   ??serviceBaseDeTemps_initialise
     34            serviceProtocole637_initialise();
   \   000015                ; Setup parameters for call to function serviceProtocole637_initialise()
   \   000015   12....       LCALL   ??serviceProtocole637_initialise
     35            interfaceB1_initialise();
   \   000018                ; Setup parameters for call to function interfaceB1_initialise()
   \   000018   12....       LCALL   ??interfaceB1_initialise
     36            interfaceS0009_initialise();
   \   00001B                ; Setup parameters for call to function interfaceS0009_initialise()
   \   00001B   12....       LCALL   ??interfaceS0009_initialise
     37            interfaceT1_initialise();
   \   00001E                ; Setup parameters for call to function interfaceT1_initialise()
   \   00001E   12....       LCALL   ??interfaceT1_initialise
     38            processusBoutonConnecte_initialise();
   \   000021                ; Setup parameters for call to function processusBoutonConnecte_initialise()
   \   000021   12....       LCALL   ??processusBoutonConnecte_initialise
     39            processusClignotant_initialise();
   \   000024                ; Setup parameters for call to function processusClignotant_initialise()
   \   000024   02....       LJMP    ??processusClignotant_initialise
     40          }
     41          
     42          //Definitions de variables privees:
     43          //pas de variables privees
     44          
     45          //Definitions de fonctions privees:
     46          //pas de fonctions privees
     47          
     48          //Definitions de variables publiques:
     49          //pas de variables publiques
     50          
     51          //Definitions de fonctions publiques:

   \                                 In  segment NEAR_CODE, align 1, keep-with-next
     52          void neFaitRien(void)
   \                     ??neFaitRien:
     53          {
   \   000000                ; Saved register size: 0
   \   000000                ; Auto size: 0
     54          }
   \   000000   22           RET
     55          

   \                                 In  segment NEAR_CODE, align 1, keep-with-next
     56          void main(void)
   \                     main:
     57          {
   \   000000                ; Auto size: 0
     58            IE_bit.EA = 0; //empêche les interruptions (déjà interdites au reset)
   \   000000   C2AF         CLR     0xa8.7
     59          
     60            main_initialise();
   \   000002                ; Setup parameters for call to function main_initialise()
   \   000002   12....       LCALL   ??main_initialise
     61          
     62            IE_bit.EA = 1; //permet les interruptions
   \   000005   D2AF         SETB    0xa8.7
     63            
     64            while (1)
   \                     ??main_0:
   \   000007   80FE         SJMP    ??main_0
   \   000009                REQUIRE _A_IE
     65            {
     66          //    for (volatile unsigned int toto = 0; toto < 150; toto++)
     67          //    {
     68          //    }
     69          //    piloteTimer2AutoReload_execute();
     70          //    serviceBaseDeTemps_gere();
     71            }
     72          }

   Maximum stack usage in bytes:

   ISTACK PSTACK XSTACK Function
   ------ ------ ------ --------
       0      0      0  main()
                          0 0 0 -> main_initialise()
       0      0      0  main_initialise()
                          0 0 0 -> interfaceB1_initialise()
                          0 0 0 -> interfaceS0009_initialise()
                          0 0 0 -> interfaceT1_initialise()
                          0 0 0 -> piloteIOB1_initialise()
                          0 0 0 -> piloteIOT1_initialise()
                          0 0 0 -> piloteTimer1Mode2_initialise()
                          0 0 0 -> piloteTimer2AutoReload_initialise()
                          0 0 0 -> piloteUART0_initialise()
                          0 0 0 -> piloteUART1_initialise()
                          0 0 0 -> processusBoutonConnecte_initialise()
                          0 0 0 -> processusClignotant_initialise()
                          0 0 0 -> serviceBaseDeTemps_initialise()
                          0 0 0 -> serviceProtocole637_initialise()
       0      0      0  neFaitRien()


   Segment part sizes:

   Bytes  Function/Label
   -----  --------------
       1  _A_IE
       9  main()
      39  main_initialise()
       1  neFaitRien()

 
 49 bytes in segment NEAR_CODE
  1 byte  in segment SFR_AN
 
 49 bytes of CODE memory
  0 bytes of DATA memory (+ 1 byte shared)

Errors: none
Warnings: none
