###############################################################################
#                                                                             #
# IAR C/C++ Compiler V8.20.2.41139 for 8051             28/Oct/2019  04:35:50 #
# Copyright 2004-2013 IAR Systems AB.                                         #
#                                                                             #
#    Core               =  plain                                              #
#    Code model         =  near                                               #
#    Data model         =  large                                              #
#    Calling convention =  xdata reentrant                                    #
#    Constant location  =  data                                               #
#    Dptr setup         =  1,16                                               #
#                                                                             #
#    Source file        =  C:\Users\yves.roy\Sync\2019-08                     #
#                          247-637\LOGICIEL\S-0008\247-637 S-0006             #
#                          college\SOURCE\serviceBaseDeTemps.c                #
#    Command line       =  "C:\Users\yves.roy\Sync\2019-08                    #
#                          247-637\LOGICIEL\S-0008\247-637 S-0006             #
#                          college\SOURCE\serviceBaseDeTemps.c" -D            #
#                          OPTION_COMPILE_AVEC_IAR -lCN                       #
#                          "C:\Users\yves.roy\Sync\2019-08                    #
#                          247-637\LOGICIEL\S-0008\247-637 S-0006             #
#                          college\PROJET\..\SORTIE\LIST\" -lb                #
#                          "C:\Users\yves.roy\Sync\2019-08                    #
#                          247-637\LOGICIEL\S-0008\247-637 S-0006             #
#                          college\PROJET\..\SORTIE\LIST\" -o                 #
#                          "C:\Users\yves.roy\Sync\2019-08                    #
#                          247-637\LOGICIEL\S-0008\247-637 S-0006             #
#                          college\PROJET\..\SORTIE\OBJ\" -e --no_cse         #
#                          --no_unroll --no_inline --no_code_motion           #
#                          --no_tbaa --debug --core=plain --dptr=16,1         #
#                          --data_model=large --code_model=near               #
#                          --calling_convention=xdata_reentrant               #
#                          --place_constants=data --nr_virtual_regs 8         #
#                          --dlib_config "C:\Program Files (x86)\IAR          #
#                          Systems\Embedded Workbench                         #
#                          6.4\8051\LIB\DLIB\dl8051Normal.h" -On --eec++      #
#    List file          =  C:\Users\yves.roy\Sync\2019-08                     #
#                          247-637\LOGICIEL\S-0008\247-637 S-0006             #
#                          college\PROJET\..\SORTIE\LIST\serviceBaseDeTemps.l #
#                          st                                                 #
#    Object file        =  C:\Users\yves.roy\Sync\2019-08                     #
#                          247-637\LOGICIEL\S-0008\247-637 S-0006             #
#                          college\PROJET\..\SORTIE\OBJ\serviceBaseDeTemps.r5 #
#                          1                                                  #
#                                                                             #
#                                                                             #
###############################################################################

C:\Users\yves.roy\Sync\2019-08 247-637\LOGICIEL\S-0008\247-637 S-0006 college\SOURCE\serviceBaseDeTemps.c
      1          //serviceBaseDeTemps:
      2          //Historique: 
      3          // 2018-09-24, Yves Roy, creation
      4          
      5          //INCLUSIONS
      6          #include "main.h"
      7          #include "piloteTimer2AutoReload.h"
      8          #include "serviceBaseDeTemps.h"
      9          
     10          //Definitions privees
     11          //pas de definitions privees
     12          
     13          //Declarations de fonctions privees:
     14          void serviceBaseDeTemps_gere(void);
     15          
     16          //Definitions de variables privees:
     17          //pas de variables privees
     18          
     19          //Definitions de fonctions privees:

   \                                 In  segment NEAR_CODE, align 1, keep-with-next
     20          void serviceBaseDeTemps_gere(void)
   \                     ??serviceBaseDeTemps_gere:
     21          {
   \   000000   74F8         MOV     A,#-0x8
   \   000002   12....       LCALL   ?FUNC_ENTER_XDATA
   \   000005                ; Saved register size: 8
   \   000005                ; Auto size: 0
     22          unsigned char i;
     23            for (i = 0; i < SERVICEBASEDETEMPS_NOMBRE_DE_PHASES; i++)
   \   000005   7E00         MOV     R6,#0x0
   \                     ??serviceBaseDeTemps_gere_1:
   \   000007   EE           MOV     A,R6
   \   000008   C3           CLR     C
   \   000009   9407         SUBB    A,#0x7
   \   00000B   5031         JNC     ??serviceBaseDeTemps_gere_2
     24            {
     25              serviceBaseDeTemps_execute[i]();
   \   00000D                ; Setup parameters for indirect call
   \   00000D   EE           MOV     A,R6
   \   00000E   F8           MOV     R0,A
   \   00000F   7900         MOV     R1,#0x0
   \   000011   E8           MOV     A,R0
   \   000012   75F002       MOV     B,#0x2
   \   000015   A4           MUL     AB
   \   000016   C8           XCH     A,R0
   \   000017   AAF0         MOV     R2,B
   \   000019   75F000       MOV     B,#0x0
   \   00001C   A4           MUL     AB
   \   00001D   2A           ADD     A,R2
   \   00001E   FA           MOV     R2,A
   \   00001F   75F002       MOV     B,#0x2
   \   000022   E9           MOV     A,R1
   \   000023   A4           MUL     AB
   \   000024   2A           ADD     A,R2
   \   000025   F9           MOV     R1,A
   \   000026   74..         MOV     A,#serviceBaseDeTemps_execute & 0xff
   \   000028   28           ADD     A,R0
   \   000029   F582         MOV     DPL,A
   \   00002B   74..         MOV     A,#(serviceBaseDeTemps_execute >> 8) & 0xff
   \   00002D   39           ADDC    A,R1
   \   00002E   F583         MOV     DPH,A
   \   000030   E0           MOVX    A,@DPTR
   \   000031   F8           MOV     R0,A
   \   000032   A3           INC     DPTR
   \   000033   E0           MOVX    A,@DPTR
   \   000034   F583         MOV     DPH,A
   \   000036   8882         MOV     DPL,R0
   \   000038   12....       LCALL   ?CALL_IND
     26            }
   \   00003B   0E           INC     R6
   \   00003C   80C9         SJMP    ??serviceBaseDeTemps_gere_1
     27          }
   \                     ??serviceBaseDeTemps_gere_2:
   \   00003E   7F01         MOV     R7,#0x1
   \   000040   02....       LJMP    ?FUNC_LEAVE_XDATA
     28              
     29          //Definitions de variables publiques:

   \                                 In  segment XDATA_Z, align 1, keep-with-next
     30          void (*serviceBaseDeTemps_execute[SERVICEBASEDETEMPS_NOMBRE_DE_PHASES])(void);
   \                     serviceBaseDeTemps_execute:
   \   000000                DS 14
   \   00000E                REQUIRE __INIT_XDATA_Z
     31          
     32          //Definitions de fonctions publiques:

   \                                 In  segment NEAR_CODE, align 1, keep-with-next
     33          void serviceBaseDeTemps_initialise(void)
   \                     ??serviceBaseDeTemps_initialise:
     34          {
   \   000000   C082         PUSH    DPL
   \   000002   C083         PUSH    DPH
   \   000004                ; Saved register size: 2
   \   000004                ; Auto size: 0
     35          unsigned char i;
     36            for (i = 0; i < SERVICEBASEDETEMPS_NOMBRE_DE_PHASES; i++)
   \   000004   7B00         MOV     R3,#0x0
   \                     ??serviceBaseDeTemps_initialise_1:
   \   000006   EB           MOV     A,R3
   \   000007   C3           CLR     C
   \   000008   9407         SUBB    A,#0x7
   \   00000A   502D         JNC     ??serviceBaseDeTemps_initialise_2
     37            {
     38              serviceBaseDeTemps_execute[i] = neFaitRien;
   \   00000C   EB           MOV     A,R3
   \   00000D   F8           MOV     R0,A
   \   00000E   7900         MOV     R1,#0x0
   \   000010   E8           MOV     A,R0
   \   000011   75F002       MOV     B,#0x2
   \   000014   A4           MUL     AB
   \   000015   C8           XCH     A,R0
   \   000016   AAF0         MOV     R2,B
   \   000018   75F000       MOV     B,#0x0
   \   00001B   A4           MUL     AB
   \   00001C   2A           ADD     A,R2
   \   00001D   FA           MOV     R2,A
   \   00001E   75F002       MOV     B,#0x2
   \   000021   E9           MOV     A,R1
   \   000022   A4           MUL     AB
   \   000023   2A           ADD     A,R2
   \   000024   F9           MOV     R1,A
   \   000025   74..         MOV     A,#serviceBaseDeTemps_execute & 0xff
   \   000027   28           ADD     A,R0
   \   000028   F582         MOV     DPL,A
   \   00002A   74..         MOV     A,#(serviceBaseDeTemps_execute >> 8) & 0xff
   \   00002C   39           ADDC    A,R1
   \   00002D   F583         MOV     DPH,A
   \   00002F   74..         MOV     A,#??neFaitRien & 0xff
   \   000031   F0           MOVX    @DPTR,A
   \   000032   A3           INC     DPTR
   \   000033   74..         MOV     A,#(??neFaitRien >> 8) & 0xff
   \   000035   F0           MOVX    @DPTR,A
     39            }
   \   000036   0B           INC     R3
   \   000037   80CD         SJMP    ??serviceBaseDeTemps_initialise_1
     40            piloteTimer2AutoReload_execute = serviceBaseDeTemps_gere;
   \                     ??serviceBaseDeTemps_initialise_2:
   \   000039   90....       MOV     DPTR,#piloteTimer2AutoReload_execute
   \   00003C   74..         MOV     A,#??serviceBaseDeTemps_gere & 0xff
   \   00003E   F0           MOVX    @DPTR,A
   \   00003F   A3           INC     DPTR
   \   000040   74..         MOV     A,#(??serviceBaseDeTemps_gere >> 8) & 0xff
   \   000042   F0           MOVX    @DPTR,A
     41          }
   \   000043   D083         POP     DPH
   \   000045   D082         POP     DPL
   \   000047   22           RET

   Maximum stack usage in bytes:

   ISTACK PSTACK XSTACK Function
   ------ ------ ------ --------
       0      0      8  serviceBaseDeTemps_gere()
       2      0      0  serviceBaseDeTemps_initialise()


   Segment part sizes:

   Bytes  Function/Label
   -----  --------------
      14  serviceBaseDeTemps_execute
      67  serviceBaseDeTemps_gere()
      72  serviceBaseDeTemps_initialise()

 
 139 bytes in segment NEAR_CODE
  14 bytes in segment XDATA_Z
 
 139 bytes of CODE  memory
  14 bytes of XDATA memory

Errors: none
Warnings: none
