###############################################################################
#                                                                             #
# IAR C/C++ Compiler V8.20.2.41139 for 8051             28/Oct/2019  04:35:49 #
# Copyright 2004-2013 IAR Systems AB.                                         #
#                                                                             #
#    Core               =  plain                                              #
#    Code model         =  near                                               #
#    Data model         =  large                                              #
#    Calling convention =  xdata reentrant                                    #
#    Constant location  =  data                                               #
#    Dptr setup         =  1,16                                               #
#                                                                             #
#    Source file        =  C:\Users\yves.roy\Sync\2019-08                     #
#                          247-637\LOGICIEL\S-0008\247-637 S-0006             #
#                          college\SOURCE\interfaceT1.c                       #
#    Command line       =  "C:\Users\yves.roy\Sync\2019-08                    #
#                          247-637\LOGICIEL\S-0008\247-637 S-0006             #
#                          college\SOURCE\interfaceT1.c" -D                   #
#                          OPTION_COMPILE_AVEC_IAR -lCN                       #
#                          "C:\Users\yves.roy\Sync\2019-08                    #
#                          247-637\LOGICIEL\S-0008\247-637 S-0006             #
#                          college\PROJET\..\SORTIE\LIST\" -lb                #
#                          "C:\Users\yves.roy\Sync\2019-08                    #
#                          247-637\LOGICIEL\S-0008\247-637 S-0006             #
#                          college\PROJET\..\SORTIE\LIST\" -o                 #
#                          "C:\Users\yves.roy\Sync\2019-08                    #
#                          247-637\LOGICIEL\S-0008\247-637 S-0006             #
#                          college\PROJET\..\SORTIE\OBJ\" -e --no_cse         #
#                          --no_unroll --no_inline --no_code_motion           #
#                          --no_tbaa --debug --core=plain --dptr=16,1         #
#                          --data_model=large --code_model=near               #
#                          --calling_convention=xdata_reentrant               #
#                          --place_constants=data --nr_virtual_regs 8         #
#                          --dlib_config "C:\Program Files (x86)\IAR          #
#                          Systems\Embedded Workbench                         #
#                          6.4\8051\LIB\DLIB\dl8051Normal.h" -On --eec++      #
#    List file          =  C:\Users\yves.roy\Sync\2019-08                     #
#                          247-637\LOGICIEL\S-0008\247-637 S-0006             #
#                          college\PROJET\..\SORTIE\LIST\interfaceT1.lst      #
#    Object file        =  C:\Users\yves.roy\Sync\2019-08                     #
#                          247-637\LOGICIEL\S-0008\247-637 S-0006             #
#                          college\PROJET\..\SORTIE\OBJ\interfaceT1.r51       #
#                                                                             #
#                                                                             #
###############################################################################

C:\Users\yves.roy\Sync\2019-08 247-637\LOGICIEL\S-0008\247-637 S-0006 college\SOURCE\interfaceT1.c
      1          //interfaceT1:
      2          //Historique: 
      3          // 2018-09-08, Yves Roy, creation
      4          
      5          //INCLUSIONS
      6          #include "main.h"
      7          #include "piloteIOT1.h"
      8          #include "interfaceT1.h"
      9          
     10          //Definitions privees
     11          //pas de definitions privees
     12          
     13          //Declarations de fonctions privees:
     14          //pas de fonction privees
     15          
     16          //Definitions de variables privees:
     17          //pas de variables privees
     18          
     19          //Definitions de fonctions privees:
     20          //pas de fonctions privees
     21          
     22          //Definitions de variables publiques:
     23          //pas de variables publiques
     24          
     25          //Definitions de fonctions publiques:

   \                                 In  segment NEAR_CODE, align 1, keep-with-next
     26          void interfaceT1_allume(void)
   \                     ??interfaceT1_allume:
     27          {
   \   000000                ; Saved register size: 0
   \   000000                ; Auto size: 0
     28            piloteIOT1_metLaSortieA(INTERFACET1_VALEUR_POUR_ALLUMER);
   \   000000                ; Setup parameters for call to function piloteIOT1_metLaSortieA(unsigned char)
   \   000000   7900         MOV     R1,#0x0
   \   000002   02....       LJMP    ??piloteIOT1_metLaSortieA
     29          }
     30          

   \                                 In  segment NEAR_CODE, align 1, keep-with-next
     31          void interfaceT1_eteint(void)
   \                     ??interfaceT1_eteint:
     32          {
   \   000000                ; Saved register size: 0
   \   000000                ; Auto size: 0
     33            piloteIOT1_metLaSortieA(INTERFACET1_VALEUR_POUR_ETEINDRE);
   \   000000                ; Setup parameters for call to function piloteIOT1_metLaSortieA(unsigned char)
   \   000000   7901         MOV     R1,#0x1
   \   000002   02....       LJMP    ??piloteIOT1_metLaSortieA
     34          }
     35          

   \                                 In  segment NEAR_CODE, align 1, keep-with-next
     36          void interfaceT1_initialise(void)
   \                     ??interfaceT1_initialise:
     37          {
   \   000000                ; Saved register size: 0
   \   000000                ; Auto size: 0
     38            piloteIOT1_metLaSortieA(INTERFACET1_VALEUR_POUR_ETEINDRE);
   \   000000                ; Setup parameters for call to function piloteIOT1_metLaSortieA(unsigned char)
   \   000000   7901         MOV     R1,#0x1
   \   000002   02....       LJMP    ??piloteIOT1_metLaSortieA
     39          }
     40          
     41          

   Maximum stack usage in bytes:

   ISTACK PSTACK XSTACK Function
   ------ ------ ------ --------
       0      0      0  interfaceT1_allume()
                          0 0 0 -> piloteIOT1_metLaSortieA(unsigned char)
       0      0      0  interfaceT1_eteint()
                          0 0 0 -> piloteIOT1_metLaSortieA(unsigned char)
       0      0      0  interfaceT1_initialise()
                          0 0 0 -> piloteIOT1_metLaSortieA(unsigned char)


   Segment part sizes:

   Bytes  Function/Label
   -----  --------------
       5  interfaceT1_allume()
       5  interfaceT1_eteint()
       5  interfaceT1_initialise()

 
 15 bytes in segment NEAR_CODE
 
 15 bytes of CODE memory

Errors: none
Warnings: none
