###############################################################################
#                                                                             #
# IAR C/C++ Compiler V8.20.2.41139 for 8051             28/Oct/2019  04:35:50 #
# Copyright 2004-2013 IAR Systems AB.                                         #
#                                                                             #
#    Core               =  plain                                              #
#    Code model         =  near                                               #
#    Data model         =  large                                              #
#    Calling convention =  xdata reentrant                                    #
#    Constant location  =  data                                               #
#    Dptr setup         =  1,16                                               #
#                                                                             #
#    Source file        =  C:\Users\yves.roy\Sync\2019-08                     #
#                          247-637\LOGICIEL\S-0008\247-637 S-0006             #
#                          college\SOURCE\piloteUART1.c                       #
#    Command line       =  "C:\Users\yves.roy\Sync\2019-08                    #
#                          247-637\LOGICIEL\S-0008\247-637 S-0006             #
#                          college\SOURCE\piloteUART1.c" -D                   #
#                          OPTION_COMPILE_AVEC_IAR -lCN                       #
#                          "C:\Users\yves.roy\Sync\2019-08                    #
#                          247-637\LOGICIEL\S-0008\247-637 S-0006             #
#                          college\PROJET\..\SORTIE\LIST\" -lb                #
#                          "C:\Users\yves.roy\Sync\2019-08                    #
#                          247-637\LOGICIEL\S-0008\247-637 S-0006             #
#                          college\PROJET\..\SORTIE\LIST\" -o                 #
#                          "C:\Users\yves.roy\Sync\2019-08                    #
#                          247-637\LOGICIEL\S-0008\247-637 S-0006             #
#                          college\PROJET\..\SORTIE\OBJ\" -e --no_cse         #
#                          --no_unroll --no_inline --no_code_motion           #
#                          --no_tbaa --debug --core=plain --dptr=16,1         #
#                          --data_model=large --code_model=near               #
#                          --calling_convention=xdata_reentrant               #
#                          --place_constants=data --nr_virtual_regs 8         #
#                          --dlib_config "C:\Program Files (x86)\IAR          #
#                          Systems\Embedded Workbench                         #
#                          6.4\8051\LIB\DLIB\dl8051Normal.h" -On --eec++      #
#    List file          =  C:\Users\yves.roy\Sync\2019-08                     #
#                          247-637\LOGICIEL\S-0008\247-637 S-0006             #
#                          college\PROJET\..\SORTIE\LIST\piloteUART1.lst      #
#    Object file        =  C:\Users\yves.roy\Sync\2019-08                     #
#                          247-637\LOGICIEL\S-0008\247-637 S-0006             #
#                          college\PROJET\..\SORTIE\OBJ\piloteUART1.r51       #
#                                                                             #
#                                                                             #
###############################################################################

C:\Users\yves.roy\Sync\2019-08 247-637\LOGICIEL\S-0008\247-637 S-0006 college\SOURCE\piloteUART1.c
      1          //piloteUART1:
      2          //Historique: 
      3          // 2018-09-08, Yves Roy, creation
      4          
      5          //INCLUSIONS
      6          #include "main.h"

   \                                 In  segment SFR_AN, at 0x90
   \   union <unnamed> volatile __sfr _A_P1
   \                     _A_P1:
   \   000000                DS 1

   \                                 In  segment SFR_AN, at 0xc0
   \   union <unnamed> volatile __sfr _A_SCON1
   \                     _A_SCON1:
   \   000000                DS 1

   \                                 In  segment SFR_AN, at 0xc1
   \   unsigned char volatile __sfr SBUF1
   \                     SBUF1:
   \   000000                DS 1

   \                                 In  segment SFR_AN, at 0xd8
   \   union <unnamed> volatile __sfr _A_WDCON
   \                     _A_WDCON:
   \   000000                DS 1

   \                                 In  segment SFR_AN, at 0x87
   \   union <unnamed> volatile __sfr _A_PCON
   \                     _A_PCON:
   \   000000                DS 1
      7          #include "piloteUART1.h"
      8          
      9          //Definitions privees
     10          //pas de definitions privees
     11          
     12          //Declarations de fonctions privees:
     13          //pas de fonctions privees
     14          
     15          //Definitions de variables privees:
     16          //pas de variables privees
     17          
     18          //Definitions de fonctions privees:
     19          //pas de fonctions privees
     20          
     21          //Definitions de variables publiques:
     22          // pas de variables publiques
     23          
     24          //Definitions de fonctions publiques:
     25          // pas de definitions publiques
     26          
     27          //Fonctions publiques:

   \                                 In  segment NEAR_CODE, align 1, keep-with-next
     28          unsigned char piloteUART1_octetDisponible(void)
   \                     ??piloteUART1_octetDisponible:
     29          {
   \   000000                ; Saved register size: 0
   \   000000                ; Auto size: 0
     30            return SCON1_bit.RI_1;
   \   000000   A2C0         MOV     C,0xc0.0
   \   000002   E4           CLR     A
   \   000003   33           RLC     A
   \   000004   F9           MOV     R1,A
   \   000005   22           RET
   \   000006                REQUIRE _A_SCON1
     31          }
     32          

   \                                 In  segment NEAR_CODE, align 1, keep-with-next
     33          unsigned char piloteUART1_octetTransmis(void)
   \                     ??piloteUART1_octetTransmis:
     34          {
   \   000000                ; Saved register size: 0
   \   000000                ; Auto size: 0
     35            return SCON1_bit.TI_1;
   \   000000   A2C1         MOV     C,0xc0.1
   \   000002   E4           CLR     A
   \   000003   33           RLC     A
   \   000004   F9           MOV     R1,A
   \   000005   22           RET
   \   000006                REQUIRE _A_SCON1
     36          }
     37          

   \                                 In  segment NEAR_CODE, align 1, keep-with-next
     38          unsigned char piloteUART1_litUnOctetRecu(void)
   \                     ??piloteUART1_litUnOctetRecu:
     39          {
   \   000000                ; Saved register size: 0
   \   000000                ; Auto size: 0
     40            return SBUF1;
   \   000000   E5C1         MOV     A,0xc1
   \   000002   F9           MOV     R1,A
   \   000003   22           RET
   \   000004                REQUIRE SBUF1
     41          }

   \                                 In  segment NEAR_CODE, align 1, keep-with-next
     42          void piloteUART1_transmet(unsigned char Octet)
   \                     ??piloteUART1_transmet:
     43          {
   \   000000                ; Saved register size: 0
   \   000000                ; Auto size: 0
     44            SBUF1 = Octet;
   \   000000   89C1         MOV     0xc1,R1
     45          }
   \   000002   22           RET
   \   000003                REQUIRE SBUF1
     46          

   \                                 In  segment NEAR_CODE, align 1, keep-with-next
     47          void piloteUART1_confirmeLaReception(void)
   \                     ??piloteUART1_confirmeLaReception:
     48          {
   \   000000                ; Saved register size: 0
   \   000000                ; Auto size: 0
     49            SCON1_bit.RI_1 = 0;
   \   000000   C2C0         CLR     0xc0.0
     50          }
   \   000002   22           RET
   \   000003                REQUIRE _A_SCON1
     51          

   \                                 In  segment NEAR_CODE, align 1, keep-with-next
     52          void piloteUART1_confirmeLaFinDeTransmission(void)
   \                     ??piloteUART1_confirmeLaFinDeTransmission:
     53          {
   \   000000                ; Saved register size: 0
   \   000000                ; Auto size: 0
     54            SCON1_bit.TI_1 = 0;  
   \   000000   C2C1         CLR     0xc0.1
     55          }
   \   000002   22           RET
   \   000003                REQUIRE _A_SCON1
     56          

   \                                 In  segment NEAR_CODE, align 1, keep-with-next
     57          void piloteUART1_initialise(void)
   \                     ??piloteUART1_initialise:
     58          {
   \   000000                ; Saved register size: 0
   \   000000                ; Auto size: 0
     59            P1_bit.P12_RXD1 = 1;
   \   000000   D292         SETB    0x90.2
     60            PCON_bit.SMOD0 = 0;
   \   000002   5387BF       ANL     0x87,#0xbf
     61            WDCON_bit.SMOD_1 = PILOTETIMER1MODE2_UTILISE_LE_DOUBLEUR_DE_TAUX;
   \   000005   D2DF         SETB    0xd8.7
     62            SCON1_bit.SM0_FE_1 = 0;
   \   000007   C2C7         CLR     0xc0.7
     63            SCON1_bit.SM1_1 = 1;
   \   000009   D2C6         SETB    0xc0.6
     64            SCON1_bit.SM2_1 = 1;
   \   00000B   D2C5         SETB    0xc0.5
     65            SCON1_bit.REN_1 = 1;
   \   00000D   D2C4         SETB    0xc0.4
     66            SCON1_bit.TI_1 = 0;
   \   00000F   C2C1         CLR     0xc0.1
     67            SCON1_bit.RI_1 = 0;
   \   000011   C2C0         CLR     0xc0.0
     68          }
   \   000013   22           RET
   \   000014                REQUIRE _A_P1
   \   000014                REQUIRE _A_PCON
   \   000014                REQUIRE _A_WDCON
   \   000014                REQUIRE _A_SCON1
     69          
     70          
     71          

   Maximum stack usage in bytes:

   ISTACK PSTACK XSTACK Function
   ------ ------ ------ --------
       0      0      0  piloteUART1_confirmeLaFinDeTransmission()
       0      0      0  piloteUART1_confirmeLaReception()
       0      0      0  piloteUART1_initialise()
       0      0      0  piloteUART1_litUnOctetRecu()
       0      0      0  piloteUART1_octetDisponible()
       0      0      0  piloteUART1_octetTransmis()
       0      0      0  piloteUART1_transmet(unsigned char)


   Segment part sizes:

   Bytes  Function/Label
   -----  --------------
       1  SBUF1
       1  _A_P1
       1  _A_PCON
       1  _A_SCON1
       1  _A_WDCON
       3  piloteUART1_confirmeLaFinDeTransmission()
       3  piloteUART1_confirmeLaReception()
      20  piloteUART1_initialise()
       4  piloteUART1_litUnOctetRecu()
       6  piloteUART1_octetDisponible()
       6  piloteUART1_octetTransmis()
       3  piloteUART1_transmet(unsigned char)

 
 45 bytes in segment NEAR_CODE
  5 bytes in segment SFR_AN
 
 45 bytes of CODE memory
  0 bytes of DATA memory (+ 5 bytes shared)

Errors: none
Warnings: none
