###############################################################################
#                                                                             #
# IAR C/C++ Compiler V8.20.2.41139 for 8051             28/Oct/2019  04:35:49 #
# Copyright 2004-2013 IAR Systems AB.                                         #
#                                                                             #
#    Core               =  plain                                              #
#    Code model         =  near                                               #
#    Data model         =  large                                              #
#    Calling convention =  xdata reentrant                                    #
#    Constant location  =  data                                               #
#    Dptr setup         =  1,16                                               #
#                                                                             #
#    Source file        =  C:\Users\yves.roy\Sync\2019-08                     #
#                          247-637\LOGICIEL\S-0008\247-637 S-0006             #
#                          college\SOURCE\piloteIOB1.c                        #
#    Command line       =  "C:\Users\yves.roy\Sync\2019-08                    #
#                          247-637\LOGICIEL\S-0008\247-637 S-0006             #
#                          college\SOURCE\piloteIOB1.c" -D                    #
#                          OPTION_COMPILE_AVEC_IAR -lCN                       #
#                          "C:\Users\yves.roy\Sync\2019-08                    #
#                          247-637\LOGICIEL\S-0008\247-637 S-0006             #
#                          college\PROJET\..\SORTIE\LIST\" -lb                #
#                          "C:\Users\yves.roy\Sync\2019-08                    #
#                          247-637\LOGICIEL\S-0008\247-637 S-0006             #
#                          college\PROJET\..\SORTIE\LIST\" -o                 #
#                          "C:\Users\yves.roy\Sync\2019-08                    #
#                          247-637\LOGICIEL\S-0008\247-637 S-0006             #
#                          college\PROJET\..\SORTIE\OBJ\" -e --no_cse         #
#                          --no_unroll --no_inline --no_code_motion           #
#                          --no_tbaa --debug --core=plain --dptr=16,1         #
#                          --data_model=large --code_model=near               #
#                          --calling_convention=xdata_reentrant               #
#                          --place_constants=data --nr_virtual_regs 8         #
#                          --dlib_config "C:\Program Files (x86)\IAR          #
#                          Systems\Embedded Workbench                         #
#                          6.4\8051\LIB\DLIB\dl8051Normal.h" -On --eec++      #
#    List file          =  C:\Users\yves.roy\Sync\2019-08                     #
#                          247-637\LOGICIEL\S-0008\247-637 S-0006             #
#                          college\PROJET\..\SORTIE\LIST\piloteIOB1.lst       #
#    Object file        =  C:\Users\yves.roy\Sync\2019-08                     #
#                          247-637\LOGICIEL\S-0008\247-637 S-0006             #
#                          college\PROJET\..\SORTIE\OBJ\piloteIOB1.r51        #
#                                                                             #
#                                                                             #
###############################################################################

C:\Users\yves.roy\Sync\2019-08 247-637\LOGICIEL\S-0008\247-637 S-0006 college\SOURCE\piloteIOB1.c
      1          //piloteIOB1:
      2          //Historique: 
      3          // 2018-09-08, Yves Roy, creation
      4          
      5          //INCLUSIONS
      6          #include "main.h"

   \                                 In  segment SFR_AN, at 0xb0
   \   union <unnamed> volatile __sfr _A_P3
   \                     _A_P3:
   \   000000                DS 1
      7          #include "piloteIOB1.h"
      8          
      9          //Definitions privees
     10          //pas de définitions privees
     11          
     12          //Declarations de fonctions privees:
     13          //pas de fonction privees
     14          
     15          //Definitions de variables privees:
     16          //pas de variables privees
     17          
     18          //Definitions de fonctions privees:
     19          //pas de fonctions privees
     20          
     21          //Definitions de variables publiques:
     22          // pas de variables publiques
     23          
     24          //Definitions de fonctions publiques:

   \                                 In  segment NEAR_CODE, align 1, keep-with-next
     25          unsigned char piloteIOB1_litLEntree(void)
   \                     ??piloteIOB1_litLEntree:
     26          {
   \   000000                ; Saved register size: 0
   \   000000                ; Auto size: 0
     27            return PILOTEIOB1_ENTREE;
   \   000000   A2B2         MOV     C,0xb0.2
   \   000002   E4           CLR     A
   \   000003   33           RLC     A
   \   000004   F9           MOV     R1,A
   \   000005   22           RET
   \   000006                REQUIRE _A_P3
     28          }
     29          

   \                                 In  segment NEAR_CODE, align 1, keep-with-next
     30          void piloteIOB1_initialise(void)
   \                     ??piloteIOB1_initialise:
     31          {
   \   000000                ; Saved register size: 0
   \   000000                ; Auto size: 0
     32            PILOTEIOB1_ENTREE = 1; //on met en entree en s'assurant de sortir un 1 logique
   \   000000   D2B2         SETB    0xb0.2
     33          }
   \   000002   22           RET
   \   000003                REQUIRE _A_P3
     34          
     35          
     36          
     37          

   Maximum stack usage in bytes:

   ISTACK PSTACK XSTACK Function
   ------ ------ ------ --------
       0      0      0  piloteIOB1_initialise()
       0      0      0  piloteIOB1_litLEntree()


   Segment part sizes:

   Bytes  Function/Label
   -----  --------------
       1  _A_P3
       3  piloteIOB1_initialise()
       6  piloteIOB1_litLEntree()

 
 9 bytes in segment NEAR_CODE
 1 byte  in segment SFR_AN
 
 9 bytes of CODE memory
 0 bytes of DATA memory (+ 1 byte shared)

Errors: none
Warnings: none
